C51 COMPILER V9.60.7.0   MAIN                                                              04/14/2025 22:12:06 PAGE 1   


C51 COMPILER V9.60.7.0, COMPILATION OF MODULE MAIN
OBJECT MODULE PLACED IN .\Objects\main.obj
COMPILER INVOKED BY: C:\Keil_v5\C51\BIN\C51.EXE Src\main.c LARGE OPTIMIZE(8,SPEED) BROWSE INCDIR(.\Device\Include;.\Driv
                    -er\inc;.\Src) DEBUG OBJECTEXTEND PRINT(.\Listings\main.lst) TABS(2) OBJECT(.\Objects\main.obj)

line level    source

   1          #include "common.h"
   2          #include "MS51_32K.H"
   3          #include "ILI9341.h"
   4          #include "spi.h"
   5          #include "icons.h"
   6          #include "fonts.h"
   7          
   8          void delay(unsigned int count){
   9   1          unsigned int i;
  10   1          while (count--){
  11   2              for (i = 0; i < 1000; i++);
  12   2          }
  13   1      }
  14          
  15          void SPI_Init(){
  16   1          P15_QUASI_MODE;                                  // P15 (SS) Quasi mode
  17   1          P10_QUASI_MODE;                                  // P10 (SPCLK) Quasi mode
  18   1          P00_QUASI_MODE;                                  // P00 (MOSI) Quasi mode
  19   1          P01_QUASI_MODE;                                  // P01 (MISO) Quasi mode
  20   1              
  21   1          set_SPSR_DISMODF;                                // SS General purpose I/O ( No Mode Fault ) 
  22   1          clr_SPCR_SSOE;
  23   1          
  24   1          clr_SPCR_LSBFE;                                  // MSB first
  25   1      
  26   1          clr_SPCR_CPOL;                                   // The SPI clock is low in idle mode
  27   1          clr_SPCR_CPHA;                                   // The dat is sample on the second edge of SPI clock 
  28   1              
  29   1          set_SPCR_MSTR;                                   // SPI in Master mode 
  30   1          SPICLK_FSYS_DIV16;                                    // Select SPI clock 
  31   1          set_SPCR_SPIEN;                                  // Enable SPI function 
  32   1          clr_SPSR_SPIF;  
  33   1      }
  34          
  35          
  36          void main(){
  37   1        FsysSelect(FSYS_HIRC); // Select HIRC (High Internal RC Oscillator)
  38   1          MODIFY_HIRC(HIRC_24);  // Set HIRC to 24 MHz
  39   1      
  40   1        SPI_Init();
  41   1        ILI9341_Init();
  42   1        ILI9341_SetRotation(SCREEN_HORIZONTAL_1);
  43   1        ILI9341_FillScreen(BLACK);
  44   1         
  45   1          ILI9341_DrawBMP(4,5,72,110,rect,ORANGE,BLACK);
  46   1        ILI9341_DrawBMP(4,125,72,110,rect ,ORANGE,BLACK);
  47   1        ILI9341_DrawBMP(84,125,72,110,rect,ORANGE,BLACK);
  48   1        ILI9341_DrawBMP(164,125,72,110,rect,ORANGE,BLACK);
  49   1        ILI9341_DrawBMP(244,125,72,110,rect,ORANGE,BLACK);
  50   1        ILI9341_DrawBMP(244,5,72,110,rect,ORANGE,BLACK);
  51   1        //ILI9341_DrawHollowRectangle(4,5,76,115,CYAN,3);
  52   1        //ILI9341_DrawHollowRectangle(4,125,76,235,CYAN,4);
  53   1        //ILI9341_DrawHollowRectangle(84,125,156,235,CYAN,4);
  54   1        //ILI9341_DrawHollowRectangle(164,125,236,235,CYAN,4);
C51 COMPILER V9.60.7.0   MAIN                                                              04/14/2025 22:12:06 PAGE 2   

  55   1        //ILI9341_DrawHollowRectangle(244,125,316,235,CYAN,4);
  56   1        //ILI9341_DrawHollowRectangle(244,5,316,115,CYAN,4);
  57   1         
  58   1        ILI9341_DrawBMP(20,20,40,40,fry_pan,ORANGE,BLACK);
  59   1        ILI9341_DrawBMP(22,143,40,40,fan40,ORANGE,BLACK);
  60   1        ILI9341_DrawBMP(94,139,48,48,fan3_48,ORANGE,BLACK);
  61   1        ILI9341_DrawBMP(185,146,32,32,power_icon,ORANGE,BLACK);
  62   1        ILI9341_DrawBMP(260,142,40,40,lightbulb_off,ORANGE,BLACK);
  63   1        ILI9341_DrawBMP(260,20,40,40,chimney,ORANGE,BLACK);
  64   1        
  65   1        
  66   1         
  67   1          ILI9341_DrawText("Fried",FONT4,18,84,ORANGE,BLACK);
  68   1          ILI9341_DrawText("Up",FONT4,30,204,ORANGE,BLACK);
  69   1          ILI9341_DrawText("Down",FONT4,98,204,ORANGE,BLACK);
  70   1          ILI9341_DrawText("Power",FONT4,174,204,ORANGE,BLACK);
  71   1          ILI9341_DrawText("Light",FONT4,262,204,ORANGE,BLACK);
  72   1          ILI9341_DrawText("Deoil",FONT4,260,84,ORANGE,BLACK);
  73   1         
  74   1         
  75   1          // ILI9341_DrawText("10:10", FONT7,103,40, WHITE,BLACK);
  76   1          delay(1000);
  77   1          
  78   1        
  79   1          while (1){
  80   2          }
  81   1      }
  82          


MODULE INFORMATION:   STATIC OVERLAYABLE
   CODE SIZE        =   1004    ----
   CONSTANT SIZE    =   6658    ----
   XDATA SIZE       =   ----    ----
   PDATA SIZE       =   ----    ----
   DATA SIZE        =   ----    ----
   IDATA SIZE       =   ----    ----
   BIT SIZE         =   ----    ----
END OF MODULE INFORMATION.


C51 COMPILATION COMPLETE.  0 WARNING(S),  0 ERROR(S)
